2026-06-07 11:58:38,740 [INFO] main: Initializing Sales Prediction ML Pipeline CLI...
2026-06-07 11:58:38,783 [INFO] main: --- Execution Stage: TRAINING ---
2026-06-07 11:59:03,167 [INFO] src.data_loader: Auto-detected CSV file: Advertising.csv
2026-06-07 11:59:03,177 [INFO] src.data_loader: Dropped index columns: ['Unnamed: 0']
2026-06-07 11:59:03,178 [INFO] src.data_loader: Dataset shape: (200, 4)
2026-06-07 11:59:03,179 [INFO] src.data_loader: Dataset column types:
TV           float64
Radio        float64
Newspaper    float64
Sales        float64
2026-06-07 11:59:03,181 [INFO] src.data_loader: Null counts:
TV           0
Radio        0
Newspaper    0
Sales        0
2026-06-07 11:59:03,181 [INFO] src.data_loader: Auto-detected target variable column: 'Sales'
2026-06-07 11:59:03,193 [INFO] src.data_loader: Target (Sales) variable distribution summary:
count    200.000000
mean      14.022500
std        5.217457
min        1.600000
25%       10.375000
50%       12.900000
75%       17.400000
max       27.000000
2026-06-07 11:59:03,194 [INFO] src.model: Splitting dataset into train and test sets...
2026-06-07 11:59:03,200 [INFO] src.preprocessor: Fitting data preprocessor...
2026-06-07 11:59:03,204 [INFO] src.preprocessor: Numeric features detected: ['TV', 'Radio', 'Newspaper']
2026-06-07 11:59:03,204 [INFO] src.preprocessor: Categorical features detected: []
2026-06-07 11:59:03,208 [INFO] src.preprocessor: Outlier bounds for 'TV': (-133.86249999999998, 430.4375)
2026-06-07 11:59:03,210 [INFO] src.preprocessor: Outlier bounds for 'Radio': (-30.075, 76.32499999999999)
2026-06-07 11:59:03,212 [INFO] src.preprocessor: Outlier bounds for 'Newspaper': (-34.5625, 91.9375)
2026-06-07 11:59:03,223 [INFO] src.preprocessor: Capped 1 outliers in column 'Newspaper'
2026-06-07 11:59:03,231 [INFO] src.preprocessor: Capped 1 outliers in column 'Newspaper'
2026-06-07 11:59:03,231 [INFO] src.feature_engineering: Starting feature engineering fit...
2026-06-07 11:59:03,234 [INFO] src.feature_engineering: Created feature 'TV_Radio_interaction' (TV * Radio)
2026-06-07 11:59:03,236 [INFO] src.feature_engineering: Created feature 'total_ad_spend' (sum of ['TV', 'Radio', 'Newspaper'])
2026-06-07 11:59:03,240 [INFO] src.feature_engineering: No highly correlated features (> 0.95) detected.
2026-06-07 11:59:03,241 [INFO] src.feature_engineering: Final feature columns: ['TV', 'Radio', 'Newspaper', 'TV_Radio_interaction', 'total_ad_spend']
2026-06-07 11:59:03,313 [INFO] src.feature_engineering: --- Scaler Comparison ---
2026-06-07 11:59:03,314 [INFO] src.feature_engineering: Feature 'TV': StandardScaler Var=1.0000 | MinMaxScaler Range=[0.0, 1.0]
2026-06-07 11:59:03,314 [INFO] src.feature_engineering: Feature 'Radio': StandardScaler Var=1.0000 | MinMaxScaler Range=[0.0, 1.0]
2026-06-07 11:59:03,314 [INFO] src.feature_engineering: Feature 'Newspaper': StandardScaler Var=1.0000 | MinMaxScaler Range=[0.0, 1.0]
2026-06-07 11:59:03,314 [INFO] src.feature_engineering: Feature 'TV_Radio_interaction': StandardScaler Var=1.0000 | MinMaxScaler Range=[0.0, 1.0]
2026-06-07 11:59:03,314 [INFO] src.feature_engineering: Feature 'total_ad_spend': StandardScaler Var=1.0000 | MinMaxScaler Range=[0.0, 1.0]
2026-06-07 11:59:03,315 [INFO] src.feature_engineering: Selected StandardScaler for the pipeline.
2026-06-07 11:59:03,316 [INFO] src.feature_engineering: Created feature 'TV_Radio_interaction' (TV * Radio)
2026-06-07 11:59:03,320 [INFO] src.feature_engineering: Created feature 'total_ad_spend' (sum of ['TV', 'Radio', 'Newspaper'])
2026-06-07 11:59:03,321 [INFO] src.feature_engineering: Created feature 'TV_Radio_interaction' (TV * Radio)
2026-06-07 11:59:03,323 [INFO] src.feature_engineering: Created feature 'total_ad_spend' (sum of ['TV', 'Radio', 'Newspaper'])
2026-06-07 11:59:03,337 [INFO] src.model: Saved fitted preprocessor, feature engineer, and scaler states.
2026-06-07 11:59:03,338 [INFO] src.model: --- Starting Baseline Model Cross-Validation ---
2026-06-07 11:59:09,310 [INFO] src.model: Linear Regression - Mean R2: 0.9571 (Std: 0.0283)
2026-06-07 11:59:13,304 [INFO] src.model: Ridge Regression - Mean R2: 0.9569 (Std: 0.0286)
2026-06-07 11:59:16,935 [INFO] src.model: Lasso Regression - Mean R2: 0.9101 (Std: 0.0493)
2026-06-07 11:59:17,648 [INFO] src.model: Random Forest - Mean R2: 0.9835 (Std: 0.0110)
2026-06-07 11:59:17,907 [INFO] src.model: XGBoost - Mean R2: 0.9822 (Std: 0.0083)
2026-06-07 11:59:17,907 [INFO] src.model: Top 2 models selected for tuning: ['Random Forest', 'XGBoost']
2026-06-07 11:59:17,907 [INFO] src.model: Tuning Random Forest with GridSearchCV...
2026-06-07 11:59:22,018 [INFO] src.model: Random Forest Best Params: {'regressor__max_depth': None, 'regressor__min_samples_split': 2, 'regressor__n_estimators': 200}
2026-06-07 11:59:22,018 [INFO] src.model: Random Forest Tuned CV R2: 0.9836
2026-06-07 11:59:22,018 [INFO] src.model: Tuning XGBoost with GridSearchCV...
2026-06-07 11:59:23,631 [INFO] src.model: XGBoost Best Params: {'regressor__learning_rate': 0.1, 'regressor__max_depth': 5, 'regressor__n_estimators': 100}
2026-06-07 11:59:23,631 [INFO] src.model: XGBoost Tuned CV R2: 0.9838
2026-06-07 11:59:23,632 [INFO] src.model: Best overall model: XGBoost with CV R2 = 0.9838
2026-06-07 11:59:23,734 [INFO] src.model: Best model pipeline saved to: C:\Users\DHRUVIL\OneDrive\Documents\Oasis_InfoByte\OIBSIP\sales-prediction\models\best_model.joblib
2026-06-07 11:59:23,735 [INFO] main: Training stage completed successfully.
2026-06-07 11:59:42,238 [INFO] main: Initializing Sales Prediction ML Pipeline CLI...
2026-06-07 11:59:42,274 [INFO] main: --- Execution Stage: EVALUATION ---
2026-06-07 12:02:14,563 [INFO] main: Initializing Sales Prediction ML Pipeline CLI...
2026-06-07 12:02:14,593 [INFO] main: --- Execution Stage: EVALUATION ---
2026-06-07 12:02:21,231 [INFO] src.data_loader: Auto-detected CSV file: Advertising.csv
2026-06-07 12:02:21,237 [INFO] src.data_loader: Dropped index columns: ['Unnamed: 0']
2026-06-07 12:02:21,237 [INFO] src.data_loader: Dataset shape: (200, 4)
2026-06-07 12:02:21,239 [INFO] src.data_loader: Dataset column types:
TV           float64
Radio        float64
Newspaper    float64
Sales        float64
2026-06-07 12:02:21,241 [INFO] src.data_loader: Null counts:
TV           0
Radio        0
Newspaper    0
Sales        0
2026-06-07 12:02:21,241 [INFO] src.data_loader: Auto-detected target variable column: 'Sales'
2026-06-07 12:02:21,248 [INFO] src.data_loader: Target (Sales) variable distribution summary:
count    200.000000
mean      14.022500
std        5.217457
min        1.600000
25%       10.375000
50%       12.900000
75%       17.400000
max       27.000000
2026-06-07 12:02:21,248 [INFO] src.model: Splitting dataset into train and test sets...
2026-06-07 12:02:21,251 [INFO] src.preprocessor: Fitting data preprocessor...
2026-06-07 12:02:21,254 [INFO] src.preprocessor: Numeric features detected: ['TV', 'Radio', 'Newspaper']
2026-06-07 12:02:21,254 [INFO] src.preprocessor: Categorical features detected: []
2026-06-07 12:02:21,258 [INFO] src.preprocessor: Outlier bounds for 'TV': (-133.86249999999998, 430.4375)
2026-06-07 12:02:21,261 [INFO] src.preprocessor: Outlier bounds for 'Radio': (-30.075, 76.32499999999999)
2026-06-07 12:02:21,263 [INFO] src.preprocessor: Outlier bounds for 'Newspaper': (-34.5625, 91.9375)
2026-06-07 12:02:21,274 [INFO] src.preprocessor: Capped 1 outliers in column 'Newspaper'
2026-06-07 12:02:21,283 [INFO] src.preprocessor: Capped 1 outliers in column 'Newspaper'
2026-06-07 12:02:21,284 [INFO] src.feature_engineering: Starting feature engineering fit...
2026-06-07 12:02:21,285 [INFO] src.feature_engineering: Created feature 'TV_Radio_interaction' (TV * Radio)
2026-06-07 12:02:21,288 [INFO] src.feature_engineering: Created feature 'total_ad_spend' (sum of ['TV', 'Radio', 'Newspaper'])
2026-06-07 12:02:21,291 [INFO] src.feature_engineering: No highly correlated features (> 0.95) detected.
2026-06-07 12:02:21,292 [INFO] src.feature_engineering: Final feature columns: ['TV', 'Radio', 'Newspaper', 'TV_Radio_interaction', 'total_ad_spend']
2026-06-07 12:02:21,342 [INFO] src.feature_engineering: --- Scaler Comparison ---
2026-06-07 12:02:21,342 [INFO] src.feature_engineering: Feature 'TV': StandardScaler Var=1.0000 | MinMaxScaler Range=[0.0, 1.0]
2026-06-07 12:02:21,342 [INFO] src.feature_engineering: Feature 'Radio': StandardScaler Var=1.0000 | MinMaxScaler Range=[0.0, 1.0]
2026-06-07 12:02:21,342 [INFO] src.feature_engineering: Feature 'Newspaper': StandardScaler Var=1.0000 | MinMaxScaler Range=[0.0, 1.0]
2026-06-07 12:02:21,342 [INFO] src.feature_engineering: Feature 'TV_Radio_interaction': StandardScaler Var=1.0000 | MinMaxScaler Range=[0.0, 1.0]
2026-06-07 12:02:21,342 [INFO] src.feature_engineering: Feature 'total_ad_spend': StandardScaler Var=1.0000 | MinMaxScaler Range=[0.0, 1.0]
2026-06-07 12:02:21,343 [INFO] src.feature_engineering: Selected StandardScaler for the pipeline.
2026-06-07 12:02:21,344 [INFO] src.feature_engineering: Created feature 'TV_Radio_interaction' (TV * Radio)
2026-06-07 12:02:21,346 [INFO] src.feature_engineering: Created feature 'total_ad_spend' (sum of ['TV', 'Radio', 'Newspaper'])
2026-06-07 12:02:21,347 [INFO] src.feature_engineering: Created feature 'TV_Radio_interaction' (TV * Radio)
2026-06-07 12:02:21,349 [INFO] src.feature_engineering: Created feature 'total_ad_spend' (sum of ['TV', 'Radio', 'Newspaper'])
2026-06-07 12:02:21,358 [INFO] src.model: Saved fitted preprocessor, feature engineer, and scaler states.
2026-06-07 12:02:21,359 [INFO] src.evaluate: Evaluating model on test set...
2026-06-07 12:02:21,369 [INFO] src.evaluate: Metrics: MAE=0.5822, MSE=0.5070, RMSE=0.7120, R2=0.9839, Adj R2=0.9816
2026-06-07 12:02:21,415 [INFO] src.evaluate: Saved model metrics to C:\Users\DHRUVIL\OneDrive\Documents\Oasis_InfoByte\OIBSIP\sales-prediction\reports\model_metrics.csv
2026-06-07 12:02:24,270 [INFO] src.evaluate: Saved Actual vs Predicted plot to C:\Users\DHRUVIL\OneDrive\Documents\Oasis_InfoByte\OIBSIP\sales-prediction\reports\figures\actual_vs_predicted.png
2026-06-07 12:02:24,920 [INFO] src.evaluate: Saved Residual plot to C:\Users\DHRUVIL\OneDrive\Documents\Oasis_InfoByte\OIBSIP\sales-prediction\reports\figures\residual_plot.png
2026-06-07 12:02:25,544 [INFO] src.evaluate: Saved Feature Importance plot to C:\Users\DHRUVIL\OneDrive\Documents\Oasis_InfoByte\OIBSIP\sales-prediction\reports\figures\feature_importance.png
2026-06-07 12:02:34,559 [INFO] src.evaluate: Saved Learning Curve plot to C:\Users\DHRUVIL\OneDrive\Documents\Oasis_InfoByte\OIBSIP\sales-prediction\reports\figures\learning_curve.png
2026-06-07 12:02:34,560 [INFO] main: Evaluation stage completed successfully.
2026-06-07 12:04:43,940 [INFO] main: Initializing Sales Prediction ML Pipeline CLI...
2026-06-07 12:05:04,591 [INFO] main: Initializing Sales Prediction ML Pipeline CLI...
2026-06-07 12:05:04,619 [INFO] main: --- Execution Stage: INFERENCE ---
2026-06-07 12:06:22,978 [INFO] main: Initializing Sales Prediction ML Pipeline CLI...
2026-06-07 12:06:23,011 [INFO] main: --- Execution Stage: INFERENCE ---
2026-06-07 12:06:27,197 [ERROR] main: Invalid JSON string supplied to --predict: Expecting property name enclosed in double quotes: line 1 column 2 (char 1). Use format: '{"TV": 230.1, "Radio": 37.8, "Newspaper": 69.2}'
2026-06-07 12:06:57,957 [INFO] main: Initializing Sales Prediction ML Pipeline CLI...
2026-06-07 12:06:57,985 [INFO] main: --- Execution Stage: INFERENCE ---
2026-06-07 12:07:02,083 [INFO] src.predict: Received prediction request for: {'TV': 230.1, 'Radio': 37.8, 'Newspaper': 69.2}
2026-06-07 12:07:02,332 [INFO] src.predict: Successfully loaded separate scaler.
2026-06-07 12:07:02,344 [INFO] src.feature_engineering: Created feature 'TV_Radio_interaction' (TV * Radio)
2026-06-07 12:07:02,347 [INFO] src.feature_engineering: Created feature 'total_ad_spend' (sum of ['TV', 'Radio', 'Newspaper'])
2026-06-07 12:07:02,392 [INFO] src.predict: Prediction result: {'predicted_sales': 22.0774, 'model_used': 'XGBRegressor'}
2026-06-07 12:07:02,393 [INFO] main: Prediction output: {
  "predicted_sales": 22.0774,
  "model_used": "XGBRegressor"
}
2026-06-07 12:13:54,076 [INFO] main: Initializing Sales Prediction ML Pipeline CLI...
2026-06-07 12:13:54,125 [INFO] main: --- Execution Stage: INFERENCE ---
2026-06-07 12:14:01,100 [INFO] src.predict: Received prediction request for: {'TV': 230.1, 'Radio': 37.8, 'Newspaper': 69.2}
2026-06-07 12:14:01,764 [INFO] src.predict: Successfully loaded separate scaler.
2026-06-07 12:14:01,786 [INFO] src.feature_engineering: Created feature 'TV_Radio_interaction' (TV * Radio)
2026-06-07 12:14:01,803 [INFO] src.feature_engineering: Created feature 'total_ad_spend' (sum of ['TV', 'Radio', 'Newspaper'])
2026-06-07 12:14:01,878 [INFO] src.predict: Prediction result: {'predicted_sales': 22.0774, 'model_used': 'XGBRegressor'}
2026-06-07 12:14:01,879 [INFO] main: Prediction output: {
  "predicted_sales": 22.0774,
  "model_used": "XGBRegressor"
}
